src/App.tsx(35,1): error TS6192: All imports in import declaration are unused.
src/App.tsx(42,15): error TS6196: 'Employee' is declared but never used.
src/App.tsx(55,34): error TS6133: 'profile' is declared but its value is never read.
src/App.tsx(55,43): error TS6133: 'role' is declared but its value is never read.
src/App.tsx(69,25): error TS6133: 'setNotifications' is declared but its value is never read.
src/App.tsx(70,23): error TS6133: 'setSubmissions' is declared but its value is never read.
src/App.tsx(71,19): error TS6133: 'setMetrics' is declared but its value is never read.
src/App.tsx(84,9): error TS6133: 'currentUserId' is declared but its value is never read.
src/App.tsx(173,9): error TS6133: 'handleUserUpdate' is declared but its value is never read.
src/App.tsx(596,13): error TS2322: Type '{ metrics: MetricData; submissions: Submission[]; projects: string[]; managers: string[]; months: string[]; }' is not assignable to type 'IntrinsicAttributes'.
  Property 'metrics' does not exist on type 'IntrinsicAttributes'.
src/lib/hooks/admin/useContractorSubmissions.ts(10,1): error TS6133: 'ContractorSubmission' is declared but its value is never read.
src/lib/types/index.ts(109,3): error TS2300: Duplicate identifier 'rate_type'.
src/lib/types/index.ts(110,3): error TS2300: Duplicate identifier 'rate_type'.
src/pages/AdminCalendar.tsx(13,133): error TS6133: 'isAfter' is declared but its value is never read.
src/pages/AdminCalendar.tsx(13,142): error TS6133: 'isBefore' is declared but its value is never read.
src/pages/AdminCalendar.tsx(336,9): error TS2367: This comparison appears to be unintentional because the types '24 | 8 | 127 | 87 | 16 | 85 | 42 | 58 | 29' and '0' have no overlap.
src/pages/AdminCalendar.tsx(923,19): error TS2367: This comparison appears to be unintentional because the types '24 | 8 | 127 | 87 | 16 | 85 | 42 | 58 | 29' and '0' have no overlap.
src/pages/AdminCalendar.tsx(925,47): error TS2367: This comparison appears to be unintentional because the types '24 | 8 | 127 | 87 | 16 | 85 | 42 | 58 | 29' and '0' have no overlap.
src/pages/AdminCalendar.tsx(927,60): error TS2367: This comparison appears to be unintentional because the types '24 | 8 | 127 | 87 | 16 | 85 | 42 | 58 | 29' and '0' have no overlap.
src/pages/AdminCalendar.tsx(928,24): error TS2367: This comparison appears to be unintentional because the types '24 | 8 | 127 | 87 | 16 | 85 | 42 | 58 | 29' and '0' have no overlap.
src/pages/AdminCalendar.tsx(942,33): error TS2367: This comparison appears to be unintentional because the types '24 | 8 | 127 | 87 | 16 | 85 | 42 | 58 | 29' and '0' have no overlap.
src/pages/ContractorDetailDrawer.tsx(7,10): error TS6133: 'Employee' is declared but its value is never read.
src/pages/ContractorDetailDrawer.tsx(17,10): error TS6133: 'X' is declared but its value is never read.
src/pages/ContractorDetailDrawer.tsx(41,3): error TS6133: 'submissions' is declared but its value is never read.
src/pages/ContractorDetailDrawer.tsx(280,37): error TS2551: Property 'contractEndDate' does not exist on type 'EmployeeDirectoryRow'. Did you mean 'contract_end'?
src/pages/ContractorDetailDrawer.tsx(281,47): error TS2551: Property 'contractEndDate' does not exist on type 'EmployeeDirectoryRow'. Did you mean 'contract_end'?
src/pages/ContractorDetailDrawer.tsx(295,37): error TS2551: Property 'hourlyRate' does not exist on type 'EmployeeDirectoryRow'. Did you mean 'hourly_rate'?
src/pages/ContractorDetailDrawer.tsx(295,63): error TS2551: Property 'hourlyRate' does not exist on type 'EmployeeDirectoryRow'. Did you mean 'hourly_rate'?
src/pages/ContractorDetailDrawer.tsx(304,37): error TS2551: Property 'hourlyRate' does not exist on type 'EmployeeDirectoryRow'. Did you mean 'hourly_rate'?
src/pages/ContractorDetailDrawer.tsx(305,45): error TS2551: Property 'hourlyRate' does not exist on type 'EmployeeDirectoryRow'. Did you mean 'hourly_rate'?
src/pages/EmployeeDirectory.tsx(26,6): error TS6196: 'SortDirection' is declared but never used.
src/pages/ManagerDashboard.tsx(74,5): error TS6133: 'filters' is declared but its value is never read.
src/pages/ManagerDashboard.tsx(80,38): error TS6133: 'approving' is declared but its value is never read.
src/pages/ManagerDashboard.tsx(80,49): error TS6133: 'rejecting' is declared but its value is never read.
src/pages/ManagerDashboard.tsx(80,60): error TS6133: 'markingPaid' is declared but its value is never read.
src/pages/ManagerDashboard.tsx(124,9): error TS6133: 'handleMarkPaid' is declared but its value is never read.
src/pages/ManagerDashboard.tsx(152,33): error TS2339: Property 'pendingCount' does not exist on type 'DashboardMetrics'.
src/pages/ManagerDashboard.tsx(153,31): error TS2339: Property 'totalHoursThisPeriod' does not exist on type 'DashboardMetrics'.
src/pages/ManagerDashboard.tsx(154,33): error TS2339: Property 'totalAmountThisPeriod' does not exist on type 'DashboardMetrics'.
src/pages/ManagerSubmissionDrawer.tsx(19,10): error TS6133: 'X' is declared but its value is never read.
src/pages/ManagerTeamView.tsx(89,13): error TS2358: The left-hand side of an 'instanceof' expression must be of type 'any', an object type or a type parameter.
src/pages/ManagerTeamView.tsx(89,37): error TS2358: The left-hand side of an 'instanceof' expression must be of type 'any', an object type or a type parameter.
src/pages/MetricCard.tsx(1,1): error TS6133: 'React' is declared but its value is never read.
src/pages/NotificationsDrawer.tsx(1,1): error TS6133: 'React' is declared but its value is never read.
src/pages/PDFInvoiceViewer.tsx(3,1): error TS6133: 'React' is declared but its value is never read.
